// Jest Snapshot v1, https://goo.gl/fbAQLP

exports[`FilterButton should render correctly 1`] = `
<View
  accessibilityState={
    {
      "busy": undefined,
      "checked": undefined,
      "disabled": undefined,
      "expanded": undefined,
      "selected": undefined,
    }
  }
  accessibilityValue={
    {
      "max": undefined,
      "min": undefined,
      "now": undefined,
      "text": undefined,
    }
  }
  accessible={true}
  collapsable={false}
  focusable={true}
  onBlur={[Function]}
  onClick={[Function]}
  onFocus={[Function]}
  onResponderGrant={[Function]}
  onResponderMove={[Function]}
  onResponderRelease={[Function]}
  onResponderTerminate={[Function]}
  onResponderTerminationRequest={[Function]}
  onStartShouldSetResponder={[Function]}
  style={
    {
      "alignItems": "center",
      "backgroundColor": "black",
      "borderBottomRightRadius": 29.819916046431132,
      "borderTopRightRadius": 29.819916046431132,
      "height": "100%",
      "justifyContent": "center",
      "width": 149.09958023215566,
    }
  }
>
  <Text
    style={
      {
        "color": "white",
        "fontSize": 29.819916046431132,
      }
    }
  >
    Filter
  </Text>
</View>
`;
