// Jest Snapshot v1, https://goo.gl/fbAQLP

exports[`LoadingModal should not render when visible is false 1`] = `
<Modal
  animationType="fade"
  hardwareAccelerated={false}
  transparent={true}
  visible={false}
/>
`;

exports[`LoadingModal should render when visible is true 1`] = `
<Modal
  animationType="fade"
  hardwareAccelerated={false}
  transparent={true}
  visible={true}
>
  <View
    style={
      {
        "alignItems": "center",
        "backgroundColor": "rgba(0, 0, 0, 0.5)",
        "flex": 1,
        "justifyContent": "center",
      }
    }
  >
    <ActivityIndicator
      color="blue"
      size="large"
    />
  </View>
</Modal>
`;
