// Jest Snapshot v1, https://goo.gl/fbAQLP

exports[`PokemonTypesInfo should render correctly 1`] = `
<View
  style={
    {
      "alignSelf": "center",
      "flexDirection": "row",
      "flexWrap": "wrap",
      "gap": 10,
      "justifyContent": "flex-start",
    }
  }
>
  <View
    style={
      {
        "alignItems": "center",
        "backgroundColor": "#AAA67F",
        "borderColor": "transparent",
        "borderRadius": 1000,
        "borderWidth": 1,
        "justifyContent": "center",
        "paddingHorizontal": 10,
        "paddingVertical": 5,
      }
    }
  >
    <Text
      style={
        {
          "color": "white",
          "fontSize": 17.89194962785868,
          "fontWeight": "800",
        }
      }
    >
      normal
    </Text>
  </View>
</View>
`;
