// Jest Snapshot v1, https://goo.gl/fbAQLP

exports[`PokemonDetailsInfoCard should render correctly 1`] = `
<RCTScrollView
  contentContainerStyle={
    {
      "padding": 29.819916046431132,
    }
  }
  style={
    {
      "alignSelf": "center",
      "flex": 1,
      "width": "95%",
    }
  }
>
  <View>
    <View
      style={
        {
          "alignSelf": "center",
          "flexDirection": "row",
          "flexWrap": "wrap",
          "gap": 10,
          "justifyContent": "flex-start",
        }
      }
    >
      <View
        style={
          {
            "alignItems": "center",
            "backgroundColor": "#AAA67F",
            "borderColor": "transparent",
            "borderRadius": 1000,
            "borderWidth": 1,
            "justifyContent": "center",
            "paddingHorizontal": 10,
            "paddingVertical": 5,
          }
        }
      >
        <Text
          style={
            {
              "color": "white",
              "fontSize": 17.89194962785868,
              "fontWeight": "800",
            }
          }
        >
          normal
        </Text>
      </View>
    </View>
    <Text
      style={
        {
          "color": "green",
          "fontSize": 35.78389925571736,
          "fontWeight": "800",
          "paddingVertical": 20,
          "textAlign": "center",
        }
      }
    >
      About
    </Text>
    <Text
      style={
        {
          "fontSize": 23.855932837144906,
          "textAlign": "center",
        }
      }
    >
      10
       kg
    </Text>
    <Text
      style={
        {
          "fontSize": 23.855932837144906,
          "textAlign": "center",
        }
      }
    >
      Weight
    </Text>
    <Text
      style={
        {
          "color": "green",
          "fontSize": 35.78389925571736,
          "fontWeight": "800",
          "paddingVertical": 20,
          "textAlign": "center",
        }
      }
    >
      Sprites
    </Text>
    <RCTScrollView
      contentContainerStyle={
        {
          "alignSelf": "center",
          "flexDirection": "row",
          "gap": 14.909958023215566,
        }
      }
      horizontal={true}
    >
      <View>
        <View
          style={
            {
              "alignItems": "center",
              "borderRadius": 1000,
              "height": 119.27966418572453,
              "justifyContent": "center",
              "width": 119.27966418572453,
            }
          }
        >
          <Image
            resizeMode="cover"
            source={
              {
                "uri": "https://raw.githubusercontent.com/PokeAPI/sprites/master/sprites/pokemon/other/official-artwork/1.png",
              }
            }
            style={
              {
                "height": 89.4597481392934,
                "width": 89.4597481392934,
              }
            }
          />
        </View>
        <View
          style={
            {
              "alignItems": "center",
              "borderRadius": 1000,
              "height": 119.27966418572453,
              "justifyContent": "center",
              "width": 119.27966418572453,
            }
          }
        />
        <View
          style={
            {
              "alignItems": "center",
              "borderRadius": 1000,
              "height": 119.27966418572453,
              "justifyContent": "center",
              "width": 119.27966418572453,
            }
          }
        />
        <View
          style={
            {
              "alignItems": "center",
              "borderRadius": 1000,
              "height": 119.27966418572453,
              "justifyContent": "center",
              "width": 119.27966418572453,
            }
          }
        />
        <View
          style={
            {
              "alignItems": "center",
              "borderRadius": 1000,
              "height": 119.27966418572453,
              "justifyContent": "center",
              "width": 119.27966418572453,
            }
          }
        />
        <View
          style={
            {
              "alignItems": "center",
              "borderRadius": 1000,
              "height": 119.27966418572453,
              "justifyContent": "center",
              "width": 119.27966418572453,
            }
          }
        />
        <View
          style={
            {
              "alignItems": "center",
              "borderRadius": 1000,
              "height": 119.27966418572453,
              "justifyContent": "center",
              "width": 119.27966418572453,
            }
          }
        />
        <View
          style={
            {
              "alignItems": "center",
              "borderRadius": 1000,
              "height": 119.27966418572453,
              "justifyContent": "center",
              "width": 119.27966418572453,
            }
          }
        />
      </View>
    </RCTScrollView>
    <Text
      style={
        {
          "color": "green",
          "fontSize": 35.78389925571736,
          "fontWeight": "800",
          "paddingVertical": 20,
          "textAlign": "center",
        }
      }
    >
      Moves
    </Text>
    <View
      style={
        {
          "alignSelf": "center",
          "flexDirection": "row",
          "flexWrap": "wrap",
          "gap": 10,
          "justifyContent": "flex-start",
        }
      }
    >
      <View
        style={
          {
            "alignItems": "center",
            "backgroundColor": "white",
            "borderColor": "green",
            "borderRadius": 1000,
            "borderWidth": 1,
            "justifyContent": "center",
            "paddingHorizontal": 10,
            "paddingVertical": 5,
          }
        }
      >
        <Text
          style={
            {
              "color": "black",
              "fontSize": 17.89194962785868,
              "fontWeight": "400",
            }
          }
        >
          normal
        </Text>
      </View>
    </View>
  </View>
</RCTScrollView>
`;
